---
source: test/src/main.rs
description: Federated Query Explain
expression: display_string
---
Federated
 Sort: revenue DESC NULLS FIRST
  Projection: nation.n_name, sum(lineitem.l_extendedprice * Int64(1) - lineitem.l_discount) AS revenue
    Aggregate: groupBy=[[nation.n_name]], aggr=[[sum(lineitem.l_extendedprice * (Int64(1) - lineitem.l_discount))]]
      Inner Join:  Filter: nation.n_regionkey = region.r_regionkey
        Inner Join:  Filter: supplier.s_nationkey = nation.n_nationkey
          Inner Join:  Filter: lineitem.l_suppkey = supplier.s_suppkey AND customer.c_nationkey = supplier.s_nationkey
            Inner Join:  Filter: lineitem.l_orderkey = orders.o_orderkey
              Inner Join:  Filter: customer.c_custkey = orders.o_custkey
                TableScan: customer projection=[c_custkey, c_nationkey]
                Filter: orders.o_orderdate >= CAST(Utf8("1994-01-01") AS Date32) AND orders.o_orderdate < CAST(Utf8("1995-01-01") AS Date32)
                  TableScan: orders projection=[o_orderkey, o_custkey, o_orderdate]
              TableScan: lineitem projection=[l_orderkey, l_suppkey, l_extendedprice, l_discount]
            TableScan: supplier projection=[s_suppkey, s_nationkey]
          TableScan: nation projection=[n_nationkey, n_name, n_regionkey]
        Filter: region.r_name = Utf8("ASIA")
          TableScan: region projection=[r_regionkey, r_name]
