---
source: datafusion-federation/src/sql/mod.rs
expression: "explain_query(&ctx,\n\"SELECT s_name FROM supplier WHERE NOT EXISTS \\\n                 (SELECT 1 FROM lineitem WHERE l_suppkey = s_suppkey \\\n                  AND l_receiptdate > l_commitdate)\",).await"
---
+---------------+-----------------------------------------------------------------------------------------------------------------------------------------------------------------------------------------------------------------------------------------------------------------------------------------------------------------------------------------------------------------------------------------------------------------------------------------------------------------------------+
| plan_type     | plan                                                                                                                                                                                                                                                                                                                                                                                                                                                                        |
+---------------+-----------------------------------------------------------------------------------------------------------------------------------------------------------------------------------------------------------------------------------------------------------------------------------------------------------------------------------------------------------------------------------------------------------------------------------------------------------------------------+
| logical_plan  | Federated                                                                                                                                                                                                                                                                                                                                                                                                                                                                   |
|               |  Projection: supplier.s_name                                                                                                                                                                                                                                                                                                                                                                                                                                                |
|               |   Filter: NOT EXISTS (<subquery>)                                                                                                                                                                                                                                                                                                                                                                                                                                           |
|               |     Subquery:                                                                                                                                                                                                                                                                                                                                                                                                                                                               |
|               |       Projection: Int64(1)                                                                                                                                                                                                                                                                                                                                                                                                                                                  |
|               |         Filter: lineitem.l_suppkey = outer_ref(supplier.s_suppkey) AND lineitem.l_receiptdate > lineitem.l_commitdate                                                                                                                                                                                                                                                                                                                                                       |
|               |           TableScan: lineitem                                                                                                                                                                                                                                                                                                                                                                                                                                               |
|               |     TableScan: supplier                                                                                                                                                                                                                                                                                                                                                                                                                                                     |
| physical_plan | SchemaCastScanExec                                                                                                                                                                                                                                                                                                                                                                                                                                                          |
|               |   CooperativeExec                                                                                                                                                                                                                                                                                                                                                                                                                                                           |
|               |     VirtualExecutionPlan name=TestExecutor compute_context=ctx_a base_sql=SELECT supplier.s_name FROM supplier WHERE NOT EXISTS (SELECT 1 FROM lineitem WHERE ((lineitem.l_suppkey = supplier.s_suppkey) AND (lineitem.l_receiptdate > lineitem.l_commitdate))) rewritten_sql=EXPLAIN SELECT supplier.s_name FROM supplier WHERE NOT EXISTS (SELECT 1 FROM lineitem WHERE ((lineitem.l_suppkey = supplier.s_suppkey) AND (lineitem.l_receiptdate > lineitem.l_commitdate))) |
|               |                                                                                                                                                                                                                                                                                                                                                                                                                                                                             |
+---------------+-----------------------------------------------------------------------------------------------------------------------------------------------------------------------------------------------------------------------------------------------------------------------------------------------------------------------------------------------------------------------------------------------------------------------------------------------------------------------------+
