---
source: datafusion-federation/src/sql/mod.rs
expression: "explain_query(&ctx,\n\"SELECT s_name \\\n                 FROM supplier \\\n                 JOIN lineitem ON s_suppkey = l_suppkey \\\n                 JOIN orders ON o_orderkey = l_orderkey \\\n                 WHERE NOT EXISTS ( \\\n                     SELECT 1 FROM lineitem AS l2 \\\n                     WHERE l2.l_orderkey = lineitem.l_orderkey \\\n                     AND l2.l_suppkey <> lineitem.l_suppkey \\\n                 )\",).await"
---
+---------------+---------------------------------------------------------------------------------------------------------------------------------------------------------------------------------------------------------------------------------------------------------------------------------------------------------------------------------------------------------------------------------------------------+
| plan_type     | plan                                                                                                                                                                                                                                                                                                                                                                                              |
+---------------+---------------------------------------------------------------------------------------------------------------------------------------------------------------------------------------------------------------------------------------------------------------------------------------------------------------------------------------------------------------------------------------------------+
| logical_plan  | Federated                                                                                                                                                                                                                                                                                                                                                                                         |
|               |  Projection: supplier.s_name                                                                                                                                                                                                                                                                                                                                                                      |
|               |   Inner Join:  Filter: orders.o_orderkey = lineitem.l_orderkey                                                                                                                                                                                                                                                                                                                                    |
|               |     Inner Join:  Filter: supplier.s_suppkey = lineitem.l_suppkey                                                                                                                                                                                                                                                                                                                                  |
|               |       Filter: NOT EXISTS (<subquery>)                                                                                                                                                                                                                                                                                                                                                             |
|               |         Subquery:                                                                                                                                                                                                                                                                                                                                                                                 |
|               |           Projection: Int64(1)                                                                                                                                                                                                                                                                                                                                                                    |
|               |             SubqueryAlias: l2                                                                                                                                                                                                                                                                                                                                                                     |
|               |               Filter: lineitem.l_orderkey = outer_ref(lineitem.l_orderkey) AND lineitem.l_suppkey != outer_ref(lineitem.l_suppkey)                                                                                                                                                                                                                                                                |
|               |                 TableScan: lineitem                                                                                                                                                                                                                                                                                                                                                               |
|               |         TableScan: supplier                                                                                                                                                                                                                                                                                                                                                                       |
|               |       TableScan: lineitem                                                                                                                                                                                                                                                                                                                                                                         |
|               |     TableScan: orders                                                                                                                                                                                                                                                                                                                                                                             |
| physical_plan | SchemaCastScanExec                                                                                                                                                                                                                                                                                                                                                                                |
|               |   CooperativeExec                                                                                                                                                                                                                                                                                                                                                                                 |
|               |     VirtualExecutionPlan name=TestExecutor compute_context=ctx_a base_sql=SELECT supplier.s_name FROM supplier INNER JOIN lineitem ON ((supplier.s_suppkey = lineitem.l_suppkey) AND NOT EXISTS (SELECT 1 FROM lineitem AS l2 WHERE ((lineitem.l_orderkey = lineitem.l_orderkey) AND (lineitem.l_suppkey <> lineitem.l_suppkey)))) INNER JOIN orders ON (orders.o_orderkey = lineitem.l_orderkey) |
|               |                                                                                                                                                                                                                                                                                                                                                                                                   |
+---------------+---------------------------------------------------------------------------------------------------------------------------------------------------------------------------------------------------------------------------------------------------------------------------------------------------------------------------------------------------------------------------------------------------+
