---
source: e2e-test/src/snapshots.rs
description: "EXPLAIN SELECT id, name FROM measurements WHERE id > 1 ORDER BY id"
---
+---------------+--------------------------------------------------------------------------------------------------------------------------------------------------------------------------------------------------------------------------------------------------------------------------------------------------------------------------------------------------------------------------------------------------------+
| plan_type     | plan                                                                                                                                                                                                                                                                                                                                                                                                   |
+---------------+--------------------------------------------------------------------------------------------------------------------------------------------------------------------------------------------------------------------------------------------------------------------------------------------------------------------------------------------------------------------------------------------------------+
| logical_plan  | Federated                                                                                                                                                                                                                                                                                                                                                                                              |
|               |  Sort: measurements.id ASC NULLS LAST                                                                                                                                                                                                                                                                                                                                                                  |
|               |   Projection: measurements.id, measurements.name                                                                                                                                                                                                                                                                                                                                                       |
|               |     Filter: measurements.id > Int64(1)                                                                                                                                                                                                                                                                                                                                                                 |
|               |       TableScan: measurements                                                                                                                                                                                                                                                                                                                                                                          |
| physical_plan | SchemaCastScanExec                                                                                                                                                                                                                                                                                                                                                                                     |
|               |   CooperativeExec                                                                                                                                                                                                                                                                                                                                                                                      |
|               |     VirtualExecutionPlan name=sqlite_e2e compute_context=sqlite_e2e base_sql=SELECT `measurements`.`id`, `measurements`.`name` FROM `measurements` WHERE (`measurements`.`id` > 1) ORDER BY `measurements`.`id` ASC NULLS LAST rewritten_sql=EXPLAIN SELECT `measurements`.`id`, `measurements`.`name` FROM `measurements` WHERE (`measurements`.`id` > 1) ORDER BY `measurements`.`id` ASC NULLS LAST |
|               |                                                                                                                                                                                                                                                                                                                                                                                                        |
+---------------+--------------------------------------------------------------------------------------------------------------------------------------------------------------------------------------------------------------------------------------------------------------------------------------------------------------------------------------------------------------------------------------------------------+
